fr\onsiea\tools\utils\color\prototype\IColor3f.class
fr\onsiea\tools\utils\color\prototype\IColor2f.class
fr\onsiea\tools\utils\color\prototype\IColor4f.class
fr\onsiea\tools\utils\colorizer\Colorizer$ColorizerPatterns.class
fr\onsiea\tools\utils\color\dev\ColorClassCreator$Components.class
fr\onsiea\tools\utils\function\IOIFunction.class
fr\onsiea\tools\utils\function\IFunction.class
fr\onsiea\tools\utils\color\prototype\IColor3i.class
fr\onsiea\tools\utils\stringbuilder\StringBuilderCache.class
fr\onsiea\tools\utils\file\FileUtils.class
fr\onsiea\tools\utils\colorizer\Colorizer$Tag.class
fr\onsiea\tools\utils\file\FileUtils$IDoubleFileFunction.class
fr\onsiea\tools\utils\colorizer\Colorizer$ColorizerPattern$Builder.class
fr\onsiea\tools\utils\color\prototype\IColor2i.class
fr\onsiea\tools\utils\color\prototype\IColor4i.class
fr\onsiea\tools\utils\stringbuilder\CachedStringBuilder.class
fr\onsiea\tools\utils\color\dev\ColorClassCreator$Operation.class
fr\onsiea\tools\utils\colorizer\Colorizer$ColorizerPattern.class
fr\onsiea\tools\utils\style\Style$ForeColor.class
fr\onsiea\tools\utils\color\dev\ColorClassCreator.class
fr\onsiea\tools\utils\colorizer\Colorizer$ColorizerPatterns$GroupBuilder.class
fr\onsiea\tools\utils\style\Style$BackColorIntensity.class
fr\onsiea\tools\utils\colorizer\Colorizer$ColorizerToken.class
fr\onsiea\tools\utils\colorizer\Colorizer$ITag.class
fr\onsiea\tools\utils\function\IIFunction.class
fr\onsiea\tools\utils\function\IOFunction.class
fr\onsiea\tools\utils\color\prototype\IColor3b.class
fr\onsiea\tools\utils\color\prototype\IColor4b.class
fr\onsiea\tools\utils\logs\LogsUtils.class
fr\onsiea\tools\utils\string\StringUtils.class
fr\onsiea\tools\utils\style\Style$Color.class
fr\onsiea\tools\utils\color\prototype\IColor2b.class
fr\onsiea\tools\utils\colorizer\Colorizer.class
fr\onsiea\tools\utils\style\Style.class
fr\onsiea\tools\utils\style\Style$BackColor.class
