P:\Java\ide\intellij\onsiea\tools\OnsieaUtils\src\main\java\fr\onsiea\tools\utils\file\FileUtils.java
P:\Java\ide\intellij\onsiea\tools\OnsieaUtils\src\main\java\fr\onsiea\tools\utils\color\prototype\IColor2i.java
P:\Java\ide\intellij\onsiea\tools\OnsieaUtils\src\main\java\fr\onsiea\tools\utils\stringbuilder\CachedStringBuilder.java
P:\Java\ide\intellij\onsiea\tools\OnsieaUtils\src\main\java\fr\onsiea\tools\utils\color\prototype\IColor2f.java
P:\Java\ide\intellij\onsiea\tools\OnsieaUtils\src\main\java\fr\onsiea\tools\utils\logs\LogsUtils.java
P:\Java\ide\intellij\onsiea\tools\OnsieaUtils\src\main\java\fr\onsiea\tools\utils\function\IOIFunction.java
P:\Java\ide\intellij\onsiea\tools\OnsieaUtils\src\main\java\fr\onsiea\tools\utils\color\prototype\IColor2b.java
P:\Java\ide\intellij\onsiea\tools\OnsieaUtils\src\main\java\fr\onsiea\tools\utils\string\StringUtils.java
P:\Java\ide\intellij\onsiea\tools\OnsieaUtils\src\main\java\module-info.java
P:\Java\ide\intellij\onsiea\tools\OnsieaUtils\src\main\java\fr\onsiea\tools\utils\color\dev\ColorClassCreator.java
P:\Java\ide\intellij\onsiea\tools\OnsieaUtils\src\main\java\fr\onsiea\tools\utils\colorizer\Colorizer.java
P:\Java\ide\intellij\onsiea\tools\OnsieaUtils\src\main\java\fr\onsiea\tools\utils\color\prototype\IColor4i.java
P:\Java\ide\intellij\onsiea\tools\OnsieaUtils\src\main\java\fr\onsiea\tools\utils\stringbuilder\StringBuilderCache.java
P:\Java\ide\intellij\onsiea\tools\OnsieaUtils\src\main\java\fr\onsiea\tools\utils\function\IFunction.java
P:\Java\ide\intellij\onsiea\tools\OnsieaUtils\src\main\java\fr\onsiea\tools\utils\color\prototype\IColor3b.java
P:\Java\ide\intellij\onsiea\tools\OnsieaUtils\src\main\java\fr\onsiea\tools\utils\function\IOFunction.java
P:\Java\ide\intellij\onsiea\tools\OnsieaUtils\src\main\java\fr\onsiea\tools\utils\color\prototype\IColor4f.java
P:\Java\ide\intellij\onsiea\tools\OnsieaUtils\src\main\java\fr\onsiea\tools\utils\color\prototype\IColor4b.java
P:\Java\ide\intellij\onsiea\tools\OnsieaUtils\src\main\java\fr\onsiea\tools\utils\function\IIFunction.java
P:\Java\ide\intellij\onsiea\tools\OnsieaUtils\src\main\java\fr\onsiea\tools\utils\color\prototype\IColor3i.java
P:\Java\ide\intellij\onsiea\tools\OnsieaUtils\src\main\java\fr\onsiea\tools\utils\color\prototype\IColor3f.java
P:\Java\ide\intellij\onsiea\tools\OnsieaUtils\src\main\java\fr\onsiea\tools\utils\style\Style.java
